[2026-07-22 04:23:15] [Selenium] Redirecting target URL to local server fallback: http://localhost:8081
[2026-07-22 04:23:15] [Selenium] Initializing Chrome WebDriver. Target URL: http://localhost:8081
[2026-07-22 04:23:26] [Selenium] Running Test: Test 1: Web App Title Verification...
[2026-07-22 04:23:30] [Selenium] Page title is 'ScanTrace'
[2026-07-22 04:23:30] [Selenium] SUCCESS: Test 1: Web App Title Verification (3905.1ms)
[2026-07-22 04:23:30] [Selenium] Running Test: Test 2: Login Screen Inputs...
[2026-07-22 04:23:30] [Selenium] SUCCESS: Test 2: Login Screen Inputs (106.4ms)
[2026-07-22 04:23:30] [Selenium] Running Test: Test 3: Register Navigation...
[2026-07-22 04:23:34] [Selenium] SUCCESS: Test 3: Register Navigation (3566.2ms)
[2026-07-22 04:23:34] [Selenium] Running Test: Test 4: Forgot Password Navigation...
[2026-07-22 04:23:37] [Selenium] SUCCESS: Test 4: Forgot Password Navigation (3161.6ms)
[2026-07-22 04:23:37] [Selenium] Running Test: Test 5: Authenticated Session Initialization...
[2026-07-22 04:23:42] [Selenium] SUCCESS: Test 5: Authenticated Session Initialization (5206.5ms)
[2026-07-22 04:23:42] [Selenium] Running Test: Test 6: Dashboard View...
[2026-07-22 04:23:42] [Selenium] SUCCESS: Test 6: Dashboard View (15.4ms)
[2026-07-22 04:23:42] [Selenium] Running Test: Test 7: Reports Screen...
[2026-07-22 04:23:43] [Selenium] SUCCESS: Test 7: Reports Screen (1118.4ms)
[2026-07-22 04:23:43] [Selenium] Running Test: Test 8: Upload Screen...
[2026-07-22 04:23:45] [Selenium] SUCCESS: Test 8: Upload Screen (1140.5ms)
[2026-07-22 04:23:45] [Selenium] Running Test: Test 9: Analytics Screen...
[2026-07-22 04:23:46] [Selenium] SUCCESS: Test 9: Analytics Screen (1107.8ms)
[2026-07-22 04:23:46] [Selenium] Running Test: Test 10: Notifications Screen...
[2026-07-22 04:23:47] [Selenium] SUCCESS: Test 10: Notifications Screen (1099.8ms)
[2026-07-22 04:23:47] [Selenium] Running Test: Test 11: Access Screen...
[2026-07-22 04:23:48] [Selenium] SUCCESS: Test 11: Access Screen (1107.0ms)
[2026-07-22 04:23:48] [Selenium] Running Test: Test 12: Profile Screen...
[2026-07-22 04:23:49] [Selenium] SUCCESS: Test 12: Profile Screen (1126.6ms)
[2026-07-22 04:23:49] [Selenium] Running Test: Test 13: Settings Screen...
[2026-07-22 04:23:50] [Selenium] SUCCESS: Test 13: Settings Screen (1103.9ms)
[2026-07-22 04:23:50] [Selenium] Running Test: Test 14: Logout Flow...
[2026-07-22 04:23:54] [Selenium] SUCCESS: Test 14: Logout Flow (3156.1ms)
[2026-07-22 04:23:54] [Selenium] All test cases completed and results stored.
