[2026-07-22 04:13:35] [Selenium] Redirecting target URL to local server fallback: http://localhost:8081
[2026-07-22 04:13:35] [Selenium] Initializing Chrome WebDriver. Target URL: http://localhost:8081
[2026-07-22 04:13:41] [Selenium] Running Test: Test 1: Web App Title Verification...
[2026-07-22 04:13:44] [Selenium] Page title is 'ScanTrace'
[2026-07-22 04:13:44] [Selenium] SUCCESS: Test 1: Web App Title Verification (3298.2ms)
[2026-07-22 04:13:44] [Selenium] Running Test: Test 2: Login Screen Inputs...
[2026-07-22 04:13:44] [Selenium] SUCCESS: Test 2: Login Screen Inputs (19.1ms)
[2026-07-22 04:13:44] [Selenium] Running Test: Test 3: Register Navigation...
[2026-07-22 04:13:47] [Selenium] SUCCESS: Test 3: Register Navigation (3196.5ms)
[2026-07-22 04:13:47] [Selenium] Running Test: Test 4: Forgot Password Navigation...
[2026-07-22 04:13:50] [Selenium] SUCCESS: Test 4: Forgot Password Navigation (3080.3ms)
[2026-07-22 04:13:50] [Selenium] Running Test: Test 5: Authenticated Session Initialization...
[2026-07-22 04:13:55] [Selenium] SUCCESS: Test 5: Authenticated Session Initialization (5135.0ms)
[2026-07-22 04:13:56] [Selenium] Running Test: Test 6: Dashboard View...
[2026-07-22 04:13:56] [Selenium] SUCCESS: Test 6: Dashboard View (12.4ms)
[2026-07-22 04:13:56] [Selenium] Running Test: Test 7: Reports Screen...
[2026-07-22 04:13:57] [Selenium] SUCCESS: Test 7: Reports Screen (1081.4ms)
[2026-07-22 04:13:57] [Selenium] Running Test: Test 8: Upload Screen...
[2026-07-22 04:13:58] [Selenium] SUCCESS: Test 8: Upload Screen (1091.5ms)
[2026-07-22 04:13:58] [Selenium] Running Test: Test 9: Analytics Screen...
[2026-07-22 04:13:59] [Selenium] SUCCESS: Test 9: Analytics Screen (1082.7ms)
[2026-07-22 04:13:59] [Selenium] Running Test: Test 10: Notifications Screen...
[2026-07-22 04:14:00] [Selenium] SUCCESS: Test 10: Notifications Screen (1077.3ms)
[2026-07-22 04:14:00] [Selenium] Running Test: Test 11: Access Screen...
[2026-07-22 04:14:01] [Selenium] SUCCESS: Test 11: Access Screen (1083.0ms)
[2026-07-22 04:14:01] [Selenium] Running Test: Test 12: Profile Screen...
[2026-07-22 04:14:02] [Selenium] SUCCESS: Test 12: Profile Screen (1094.9ms)
[2026-07-22 04:14:02] [Selenium] Running Test: Test 13: Settings Screen...
[2026-07-22 04:14:03] [Selenium] SUCCESS: Test 13: Settings Screen (1082.1ms)
[2026-07-22 04:14:04] [Selenium] Running Test: Test 14: Logout Flow...
[2026-07-22 04:14:07] [Selenium] SUCCESS: Test 14: Logout Flow (3129.7ms)
[2026-07-22 04:14:07] [Selenium] All test cases completed and results stored.
