[2026-06-23 04:42:11] [Selenium] Redirecting target URL to local server fallback: http://localhost:8081
[2026-06-23 04:42:11] [Selenium] Initializing Chrome WebDriver. Target URL: http://localhost:8081
[2026-06-23 04:42:12] [Selenium] Running Test: Test 1: Web App Title Verification...
[2026-06-23 04:42:16] [Selenium] Page title is 'ScanTrace'
[2026-06-23 04:42:16] [Selenium] SUCCESS: Test 1: Web App Title Verification (3464.1ms)
[2026-06-23 04:42:16] [Selenium] Running Test: Test 2: Login Screen Inputs...
[2026-06-23 04:42:16] [Selenium] SUCCESS: Test 2: Login Screen Inputs (22.4ms)
[2026-06-23 04:42:16] [Selenium] Running Test: Test 3: Register Navigation...
[2026-06-23 04:42:19] [Selenium] SUCCESS: Test 3: Register Navigation (3285.1ms)
[2026-06-23 04:42:19] [Selenium] Running Test: Test 4: Forgot Password Navigation...
[2026-06-23 04:42:23] [Selenium] SUCCESS: Test 4: Forgot Password Navigation (3140.8ms)
[2026-06-23 04:42:23] [Selenium] Running Test: Test 5: Authenticated Session Initialization...
[2026-06-23 04:42:28] [Selenium] SUCCESS: Test 5: Authenticated Session Initialization (5167.5ms)
[2026-06-23 04:42:28] [Selenium] Running Test: Test 6: Dashboard View...
[2026-06-23 04:42:28] [Selenium] SUCCESS: Test 6: Dashboard View (13.4ms)
[2026-06-23 04:42:28] [Selenium] Running Test: Test 7: Reports Screen...
[2026-06-23 04:42:29] [Selenium] SUCCESS: Test 7: Reports Screen (1095.1ms)
[2026-06-23 04:42:29] [Selenium] Running Test: Test 8: Upload Screen...
[2026-06-23 04:42:30] [Selenium] SUCCESS: Test 8: Upload Screen (1113.4ms)
[2026-06-23 04:42:30] [Selenium] Running Test: Test 9: Analytics Screen...
[2026-06-23 04:42:31] [Selenium] SUCCESS: Test 9: Analytics Screen (1094.3ms)
[2026-06-23 04:42:31] [Selenium] Running Test: Test 10: Notifications Screen...
[2026-06-23 04:42:32] [Selenium] SUCCESS: Test 10: Notifications Screen (1091.2ms)
[2026-06-23 04:42:32] [Selenium] Running Test: Test 11: Access Screen...
[2026-06-23 04:42:34] [Selenium] SUCCESS: Test 11: Access Screen (1094.3ms)
[2026-06-23 04:42:34] [Selenium] Running Test: Test 12: Profile Screen...
[2026-06-23 04:42:35] [Selenium] SUCCESS: Test 12: Profile Screen (1107.1ms)
[2026-06-23 04:42:35] [Selenium] Running Test: Test 13: Settings Screen...
[2026-06-23 04:42:36] [Selenium] SUCCESS: Test 13: Settings Screen (1092.5ms)
[2026-06-23 04:42:36] [Selenium] Running Test: Test 14: Logout Flow...
[2026-06-23 04:42:39] [Selenium] SUCCESS: Test 14: Logout Flow (3146.8ms)
[2026-06-23 04:42:39] [Selenium] All test cases completed and results stored.
