[2026-06-22 06:19:36] [Selenium] Validating live URL: https://sumanthml.github.io/ScanTree
[2026-06-22 06:19:37] [Selenium] Live URL returned status 404. Using local fallback.
[2026-06-22 06:19:37] [Selenium] Redirecting target URL to local server fallback: http://localhost:8081
[2026-06-22 06:19:37] [Selenium] Initializing Chrome WebDriver. Target URL: http://localhost:8081
[2026-06-22 06:19:47] [Selenium] Running Test: Test 1: Web App Title Verification...
[2026-06-22 06:19:51] [Selenium] Page title is 'ScanTrace'
[2026-06-22 06:19:51] [Selenium] SUCCESS: Test 1: Web App Title Verification (3782.1ms)
[2026-06-22 06:19:51] [Selenium] Running Test: Test 2: Login Screen Inputs...
[2026-06-22 06:19:51] [Selenium] SUCCESS: Test 2: Login Screen Inputs (50.7ms)
[2026-06-22 06:19:51] [Selenium] Running Test: Test 3: Register Navigation...
[2026-06-22 06:19:55] [Selenium] SUCCESS: Test 3: Register Navigation (3435.7ms)
[2026-06-22 06:19:55] [Selenium] Running Test: Test 4: Forgot Password Navigation...
[2026-06-22 06:19:58] [Selenium] SUCCESS: Test 4: Forgot Password Navigation (3197.4ms)
[2026-06-22 06:19:58] [Selenium] Running Test: Test 5: Authenticated Session Initialization...
[2026-06-22 06:20:03] [Selenium] SUCCESS: Test 5: Authenticated Session Initialization (5154.5ms)
[2026-06-22 06:20:03] [Selenium] Running Test: Test 6: Dashboard View...
[2026-06-22 06:20:03] [Selenium] SUCCESS: Test 6: Dashboard View (12.4ms)
[2026-06-22 06:20:03] [Selenium] Running Test: Test 7: Reports Screen...
[2026-06-22 06:20:04] [Selenium] SUCCESS: Test 7: Reports Screen (1096.1ms)
[2026-06-22 06:20:05] [Selenium] Running Test: Test 8: Upload Screen...
[2026-06-22 06:20:06] [Selenium] SUCCESS: Test 8: Upload Screen (1105.5ms)
[2026-06-22 06:20:06] [Selenium] Running Test: Test 9: Analytics Screen...
[2026-06-22 06:20:07] [Selenium] SUCCESS: Test 9: Analytics Screen (1091.1ms)
[2026-06-22 06:20:07] [Selenium] Running Test: Test 10: Notifications Screen...
[2026-06-22 06:20:08] [Selenium] SUCCESS: Test 10: Notifications Screen (1085.7ms)
[2026-06-22 06:20:08] [Selenium] Running Test: Test 11: Access Screen...
[2026-06-22 06:20:09] [Selenium] SUCCESS: Test 11: Access Screen (1092.5ms)
[2026-06-22 06:20:09] [Selenium] Running Test: Test 12: Profile Screen...
[2026-06-22 06:20:10] [Selenium] SUCCESS: Test 12: Profile Screen (1106.0ms)
[2026-06-22 06:20:10] [Selenium] Running Test: Test 13: Settings Screen...
[2026-06-22 06:20:11] [Selenium] SUCCESS: Test 13: Settings Screen (1089.6ms)
[2026-06-22 06:20:11] [Selenium] Running Test: Test 14: Logout Flow...
[2026-06-22 06:20:14] [Selenium] SUCCESS: Test 14: Logout Flow (3144.2ms)
[2026-06-22 06:20:15] [Selenium] All test cases completed and results stored.
