[2026-07-22 04:29:47] [Selenium] Redirecting target URL to local server fallback: http://localhost:8081
[2026-07-22 04:29:47] [Selenium] Initializing Chrome WebDriver. Target URL: http://localhost:8081
[2026-07-22 04:30:12] [Selenium] Running Test: Test 1: Web App Title Verification...
[2026-07-22 04:30:17] [Selenium] Page title is 'ScanTrace'
[2026-07-22 04:30:17] [Selenium] SUCCESS: Test 1: Web App Title Verification (4837.1ms)
[2026-07-22 04:30:17] [Selenium] Running Test: Test 2: Login Screen Inputs...
[2026-07-22 04:30:17] [Selenium] SUCCESS: Test 2: Login Screen Inputs (218.8ms)
[2026-07-22 04:30:17] [Selenium] Running Test: Test 3: Register Navigation...
[2026-07-22 04:30:21] [Selenium] SUCCESS: Test 3: Register Navigation (3740.5ms)
[2026-07-22 04:30:21] [Selenium] Running Test: Test 4: Forgot Password Navigation...
[2026-07-22 04:30:25] [Selenium] SUCCESS: Test 4: Forgot Password Navigation (3326.2ms)
[2026-07-22 04:30:25] [Selenium] Running Test: Test 5: Authenticated Session Initialization...
[2026-07-22 04:30:30] [Selenium] SUCCESS: Test 5: Authenticated Session Initialization (5153.3ms)
[2026-07-22 04:30:30] [Selenium] Running Test: Test 6: Dashboard View...
[2026-07-22 04:30:30] [Selenium] SUCCESS: Test 6: Dashboard View (13.3ms)
[2026-07-22 04:30:30] [Selenium] Running Test: Test 7: Reports Screen...
[2026-07-22 04:30:31] [Selenium] SUCCESS: Test 7: Reports Screen (1090.6ms)
[2026-07-22 04:30:31] [Selenium] Running Test: Test 8: Upload Screen...
[2026-07-22 04:30:32] [Selenium] SUCCESS: Test 8: Upload Screen (1142.0ms)
[2026-07-22 04:30:32] [Selenium] Running Test: Test 9: Analytics Screen...
[2026-07-22 04:30:33] [Selenium] SUCCESS: Test 9: Analytics Screen (1091.1ms)
[2026-07-22 04:30:33] [Selenium] Running Test: Test 10: Notifications Screen...
[2026-07-22 04:30:35] [Selenium] SUCCESS: Test 10: Notifications Screen (1088.5ms)
[2026-07-22 04:30:35] [Selenium] Running Test: Test 11: Access Screen...
[2026-07-22 04:30:36] [Selenium] SUCCESS: Test 11: Access Screen (1092.4ms)
[2026-07-22 04:30:36] [Selenium] Running Test: Test 12: Profile Screen...
[2026-07-22 04:30:37] [Selenium] SUCCESS: Test 12: Profile Screen (1143.1ms)
[2026-07-22 04:30:37] [Selenium] Running Test: Test 13: Settings Screen...
[2026-07-22 04:30:38] [Selenium] SUCCESS: Test 13: Settings Screen (1092.8ms)
[2026-07-22 04:30:38] [Selenium] Running Test: Test 14: Logout Flow...
[2026-07-22 04:30:41] [Selenium] SUCCESS: Test 14: Logout Flow (3182.1ms)
[2026-07-22 04:30:41] [Selenium] All test cases completed and results stored.
