[2026-06-22 07:50:30] [Selenium] Redirecting target URL to local server fallback: http://localhost:8081
[2026-06-22 07:50:30] [Selenium] Initializing Chrome WebDriver. Target URL: http://localhost:8081
[2026-06-22 07:50:39] [Selenium] Running Test: Test 1: Web App Title Verification...
[2026-06-22 07:50:43] [Selenium] Page title is 'ScanTrace'
[2026-06-22 07:50:43] [Selenium] SUCCESS: Test 1: Web App Title Verification (3741.3ms)
[2026-06-22 07:50:43] [Selenium] Running Test: Test 2: Login Screen Inputs...
[2026-06-22 07:50:43] [Selenium] SUCCESS: Test 2: Login Screen Inputs (49.1ms)
[2026-06-22 07:50:43] [Selenium] Running Test: Test 3: Register Navigation...
[2026-06-22 07:50:47] [Selenium] SUCCESS: Test 3: Register Navigation (3336.4ms)
[2026-06-22 07:50:47] [Selenium] Running Test: Test 4: Forgot Password Navigation...
[2026-06-22 07:50:50] [Selenium] SUCCESS: Test 4: Forgot Password Navigation (3139.2ms)
[2026-06-22 07:50:50] [Selenium] Running Test: Test 5: Authenticated Session Initialization...
[2026-06-22 07:50:55] [Selenium] SUCCESS: Test 5: Authenticated Session Initialization (5157.8ms)
[2026-06-22 07:50:55] [Selenium] Running Test: Test 6: Dashboard View...
[2026-06-22 07:50:55] [Selenium] SUCCESS: Test 6: Dashboard View (24.5ms)
[2026-06-22 07:50:55] [Selenium] Running Test: Test 7: Reports Screen...
[2026-06-22 07:50:57] [Selenium] SUCCESS: Test 7: Reports Screen (1126.7ms)
[2026-06-22 07:50:57] [Selenium] Running Test: Test 8: Upload Screen...
[2026-06-22 07:50:58] [Selenium] SUCCESS: Test 8: Upload Screen (1163.9ms)
[2026-06-22 07:50:58] [Selenium] Running Test: Test 9: Analytics Screen...
[2026-06-22 07:50:59] [Selenium] SUCCESS: Test 9: Analytics Screen (1091.0ms)
[2026-06-22 07:50:59] [Selenium] Running Test: Test 10: Notifications Screen...
[2026-06-22 07:51:00] [Selenium] SUCCESS: Test 10: Notifications Screen (1087.1ms)
[2026-06-22 07:51:00] [Selenium] Running Test: Test 11: Access Screen...
[2026-06-22 07:51:01] [Selenium] SUCCESS: Test 11: Access Screen (1090.1ms)
[2026-06-22 07:51:01] [Selenium] Running Test: Test 12: Profile Screen...
[2026-06-22 07:51:02] [Selenium] SUCCESS: Test 12: Profile Screen (1110.1ms)
[2026-06-22 07:51:02] [Selenium] Running Test: Test 13: Settings Screen...
[2026-06-22 07:51:04] [Selenium] SUCCESS: Test 13: Settings Screen (1088.3ms)
[2026-06-22 07:51:04] [Selenium] Running Test: Test 14: Logout Flow...
[2026-06-22 07:51:07] [Selenium] SUCCESS: Test 14: Logout Flow (3146.0ms)
[2026-06-22 07:51:07] [Selenium] All test cases completed and results stored.
